Refreshing run status every 3 seconds. Press Ctrl+C to quit.

* main ci · 29117579446
Triggered via push less than a minute ago

JOBS
✓ setup in 3s (ID 86448317741)
  ✓ Set up job
  ✓ Run if [ "push" = "push" ]; then
  ✓ Complete job
* build-test (ubuntu-latest) (ID 86448334169)
  ✓ Set up job
  ✓ Run actions/checkout@v4
  ✓ Run dtolnay/rust-toolchain@stable
  ✓ Run actions/setup-node@v4
  ✓ enable pnpm
  * linux deps
  * fmt
  * clippy
  * test
  * install
  * typecheck + lint
  * macOS build/run harness contract
  * network audit (non-negotiable
  * privacy posture (P1-P0-7)
  * ADR status (P0-G7)
  * latency budget (root §5)
  * Post Run actions/setup-node@v4
  * Post Run actions/checkout@v4
Refreshing run status every 3 seconds. Press Ctrl+C to quit.

* main ci · 29117579446
Triggered via push less than a minute ago

JOBS
✓ setup in 3s (ID 86448317741)
  ✓ Set up job
  ✓ Run if [ "push" = "push" ]; then
  ✓ Complete job
* build-test (ubuntu-latest) (ID 86448334169)
  ✓ Set up job
  ✓ Run actions/checkout@v4
  ✓ Run dtolnay/rust-toolchain@stable
  ✓ Run actions/setup-node@v4
  ✓ enable pnpm
  * linux deps
  * fmt
  * clippy
  * test
  * install
  * typecheck + lint
  * macOS build/run harness contract
  * network audit (non-negotiable
  * privacy posture (P1-P0-7)
  * ADR status (P0-G7)
  * latency budget (root §5)
  * Post Run actions/setup-node@v4
  * Post Run actions/checkout@v4
Refreshing run status every 3 seconds. Press Ctrl+C to quit.

* main ci · 29117579446
Triggered via push less than a minute ago

JOBS
✓ setup in 3s (ID 86448317741)
  ✓ Set up job
  ✓ Run if [ "push" = "push" ]; then
  ✓ Complete job
* build-test (ubuntu-latest) (ID 86448334169)
  ✓ Set up job
  ✓ Run actions/checkout@v4
  ✓ Run dtolnay/rust-toolchain@stable
  ✓ Run actions/setup-node@v4
  ✓ enable pnpm
  * linux deps
  * fmt
  * clippy
  * test
  * install
  * typecheck + lint
  * macOS build/run harness contract
  * network audit (non-negotiable
  * privacy posture (P1-P0-7)
  * ADR status (P0-G7)
  * latency budget (root §5)
  * Post Run actions/setup-node@v4
  * Post Run actions/checkout@v4
Refreshing run status every 3 seconds. Press Ctrl+C to quit.

* main ci · 29117579446
Triggered via push less than a minute ago

JOBS
✓ setup in 3s (ID 86448317741)
  ✓ Set up job
  ✓ Run if [ "push" = "push" ]; then
  ✓ Complete job
* build-test (ubuntu-latest) (ID 86448334169)
  ✓ Set up job
  ✓ Run actions/checkout@v4
  ✓ Run dtolnay/rust-toolchain@stable
  ✓ Run actions/setup-node@v4
  ✓ enable pnpm
  * linux deps
  * fmt
  * clippy
  * test
  * install
  * typecheck + lint
  * macOS build/run harness contract
  * network audit (non-negotiable
  * privacy posture (P1-P0-7)
  * ADR status (P0-G7)
  * latency budget (root §5)
  * Post Run actions/setup-node@v4
  * Post Run actions/checkout@v4
Refreshing run status every 3 seconds. Press Ctrl+C to quit.

* main ci · 29117579446
Triggered via push less than a minute ago

JOBS
✓ setup in 3s (ID 86448317741)
  ✓ Set up job
  ✓ Run if [ "push" = "push" ]; then
  ✓ Complete job
* build-test (ubuntu-latest) (ID 86448334169)
  ✓ Set up job
  ✓ Run actions/checkout@v4
  ✓ Run dtolnay/rust-toolchain@stable
  ✓ Run actions/setup-node@v4
  ✓ enable pnpm
  * linux deps
  * fmt
  * clippy
  * test
  * install
  * typecheck + lint
  * macOS build/run harness contract
  * network audit (non-negotiable
  * privacy posture (P1-P0-7)
  * ADR status (P0-G7)
  * latency budget (root §5)
  * Post Run actions/setup-node@v4
  * Post Run actions/checkout@v4
Refreshing run status every 3 seconds. Press Ctrl+C to quit.

* main ci · 29117579446
Triggered via push less than a minute ago

JOBS
✓ setup in 3s (ID 86448317741)
  ✓ Set up job
  ✓ Run if [ "push" = "push" ]; then
  ✓ Complete job
* build-test (ubuntu-latest) (ID 86448334169)
  ✓ Set up job
  ✓ Run actions/checkout@v4
  ✓ Run dtolnay/rust-toolchain@stable
  ✓ Run actions/setup-node@v4
  ✓ enable pnpm
  * linux deps
  * fmt
  * clippy
  * test
  * install
  * typecheck + lint
  * macOS build/run harness contract
  * network audit (non-negotiable
  * privacy posture (P1-P0-7)
  * ADR status (P0-G7)
  * latency budget (root §5)
  * Post Run actions/setup-node@v4
  * Post Run actions/checkout@v4
Refreshing run status every 3 seconds. Press Ctrl+C to quit.

* main ci · 29117579446
Triggered via push less than a minute ago

JOBS
✓ setup in 3s (ID 86448317741)
  ✓ Set up job
  ✓ Run if [ "push" = "push" ]; then
  ✓ Complete job
* build-test (ubuntu-latest) (ID 86448334169)
  ✓ Set up job
  ✓ Run actions/checkout@v4
  ✓ Run dtolnay/rust-toolchain@stable
  ✓ Run actions/setup-node@v4
  ✓ enable pnpm
  * linux deps
  * fmt
  * clippy
  * test
  * install
  * typecheck + lint
  * macOS build/run harness contract
  * network audit (non-negotiable
  * privacy posture (P1-P0-7)
  * ADR status (P0-G7)
  * latency budget (root §5)
  * Post Run actions/setup-node@v4
  * Post Run actions/checkout@v4
Refreshing run status every 3 seconds. Press Ctrl+C to quit.

* main ci · 29117579446
Triggered via push about 1 minute ago

JOBS
✓ setup in 3s (ID 86448317741)
  ✓ Set up job
  ✓ Run if [ "push" = "push" ]; then
  ✓ Complete job
* build-test (ubuntu-latest) (ID 86448334169)
  ✓ Set up job
  ✓ Run actions/checkout@v4
  ✓ Run dtolnay/rust-toolchain@stable
  ✓ Run actions/setup-node@v4
  ✓ enable pnpm
  ✓ linux deps
  X fmt
  - clippy
  - test
  - install
  - typecheck + lint
  - macOS build/run harness contract
  - network audit (non-negotiable
  - privacy posture (P1-P0-7)
  - ADR status (P0-G7)
  - latency budget (root §5)
  - Post Run actions/setup-node@v4
  ✓ Post Run actions/checkout@v4
X main ci · 29117579446
Triggered via push about 1 minute ago

JOBS
✓ setup in 3s (ID 86448317741)
  ✓ Set up job
  ✓ Run if [ "push" = "push" ]; then
  ✓ Complete job
X build-test (ubuntu-latest) in 52s (ID 86448334169)
  ✓ Set up job
  ✓ Run actions/checkout@v4
  ✓ Run dtolnay/rust-toolchain@stable
  ✓ Run actions/setup-node@v4
  ✓ enable pnpm
  ✓ linux deps
  X fmt
  - clippy
  - test
  - install
  - typecheck + lint
  - macOS build/run harness contract
  - network audit (non-negotiable
  - privacy posture (P1-P0-7)
  - ADR status (P0-G7)
  - latency budget (root §5)
  - Post Run actions/setup-node@v4
  ✓ Post Run actions/checkout@v4
  ✓ Complete job

ANNOTATIONS
! Node.js 20 is deprecated. The following actions target Node.js 20 but are being forced to run on Node.js 24: actions/checkout@v4, actions/setup-node@v4. For more information see: https://github.blog/changelog/2025-09-19-deprecation-of-node-20-on-github-actions-runners/
build-test (ubuntu-latest): .github#2

X Process completed with exit code 1.
build-test (ubuntu-latest): .github#35

! Unexpected input(s) 'clippy', valid inputs are ['toolchain', 'targets', 'target', 'components']
build-test (ubuntu-latest): .github#1

EXIT: 1
