Refreshing run status every 3 seconds. Press Ctrl+C to quit.

* main ci · 29118854688
Triggered via push about 5 minutes ago

JOBS
✓ setup in 3s (ID 86448901535)
  ✓ Set up job
  ✓ Run if [ "push" = "push" ]; then
  ✓ Complete job
* build-test (ubuntu-latest) (ID 86448920068)
  ✓ Set up job
  ✓ Run actions/checkout@v4
  ✓ Run dtolnay/rust-toolchain@stable
  ✓ Run actions/setup-node@v4
  ✓ enable pnpm
  ✓ linux deps
  ✓ fmt
  ✓ clippy
  * test
  * install
  * typecheck + lint
  * macOS build/run harness contract
  * network audit (non-negotiable
  * privacy posture (P1-P0-7)
  * ADR status (P0-G7)
  * latency budget (root §5)
  * Post Run actions/setup-node@v4
  * Post Run actions/checkout@v4
Refreshing run status every 3 seconds. Press Ctrl+C to quit.

* main ci · 29118854688
Triggered via push about 5 minutes ago

JOBS
✓ setup in 3s (ID 86448901535)
  ✓ Set up job
  ✓ Run if [ "push" = "push" ]; then
  ✓ Complete job
* build-test (ubuntu-latest) (ID 86448920068)
  ✓ Set up job
  ✓ Run actions/checkout@v4
  ✓ Run dtolnay/rust-toolchain@stable
  ✓ Run actions/setup-node@v4
  ✓ enable pnpm
  ✓ linux deps
  ✓ fmt
  ✓ clippy
  * test
  * install
  * typecheck + lint
  * macOS build/run harness contract
  * network audit (non-negotiable
  * privacy posture (P1-P0-7)
  * ADR status (P0-G7)
  * latency budget (root §5)
  * Post Run actions/setup-node@v4
  * Post Run actions/checkout@v4
Refreshing run status every 3 seconds. Press Ctrl+C to quit.

* main ci · 29118854688
Triggered via push about 5 minutes ago

JOBS
✓ setup in 3s (ID 86448901535)
  ✓ Set up job
  ✓ Run if [ "push" = "push" ]; then
  ✓ Complete job
* build-test (ubuntu-latest) (ID 86448920068)
  ✓ Set up job
  ✓ Run actions/checkout@v4
  ✓ Run dtolnay/rust-toolchain@stable
  ✓ Run actions/setup-node@v4
  ✓ enable pnpm
  ✓ linux deps
  ✓ fmt
  ✓ clippy
  * test
  * install
  * typecheck + lint
  * macOS build/run harness contract
  * network audit (non-negotiable
  * privacy posture (P1-P0-7)
  * ADR status (P0-G7)
  * latency budget (root §5)
  * Post Run actions/setup-node@v4
  * Post Run actions/checkout@v4
Refreshing run status every 3 seconds. Press Ctrl+C to quit.

* main ci · 29118854688
Triggered via push about 5 minutes ago

JOBS
✓ setup in 3s (ID 86448901535)
  ✓ Set up job
  ✓ Run if [ "push" = "push" ]; then
  ✓ Complete job
* build-test (ubuntu-latest) (ID 86448920068)
  ✓ Set up job
  ✓ Run actions/checkout@v4
  ✓ Run dtolnay/rust-toolchain@stable
  ✓ Run actions/setup-node@v4
  ✓ enable pnpm
  ✓ linux deps
  ✓ fmt
  ✓ clippy
  * test
  * install
  * typecheck + lint
  * macOS build/run harness contract
  * network audit (non-negotiable
  * privacy posture (P1-P0-7)
  * ADR status (P0-G7)
  * latency budget (root §5)
  * Post Run actions/setup-node@v4
  * Post Run actions/checkout@v4
Refreshing run status every 3 seconds. Press Ctrl+C to quit.

* main ci · 29118854688
Triggered via push about 5 minutes ago

JOBS
✓ setup in 3s (ID 86448901535)
  ✓ Set up job
  ✓ Run if [ "push" = "push" ]; then
  ✓ Complete job
* build-test (ubuntu-latest) (ID 86448920068)
  ✓ Set up job
  ✓ Run actions/checkout@v4
  ✓ Run dtolnay/rust-toolchain@stable
  ✓ Run actions/setup-node@v4
  ✓ enable pnpm
  ✓ linux deps
  ✓ fmt
  ✓ clippy
  * test
  * install
  * typecheck + lint
  * macOS build/run harness contract
  * network audit (non-negotiable
  * privacy posture (P1-P0-7)
  * ADR status (P0-G7)
  * latency budget (root §5)
  * Post Run actions/setup-node@v4
  * Post Run actions/checkout@v4
Refreshing run status every 3 seconds. Press Ctrl+C to quit.

* main ci · 29118854688
Triggered via push about 5 minutes ago

JOBS
✓ setup in 3s (ID 86448901535)
  ✓ Set up job
  ✓ Run if [ "push" = "push" ]; then
  ✓ Complete job
* build-test (ubuntu-latest) (ID 86448920068)
  ✓ Set up job
  ✓ Run actions/checkout@v4
  ✓ Run dtolnay/rust-toolchain@stable
  ✓ Run actions/setup-node@v4
  ✓ enable pnpm
  ✓ linux deps
  ✓ fmt
  ✓ clippy
  * test
  * install
  * typecheck + lint
  * macOS build/run harness contract
  * network audit (non-negotiable
  * privacy posture (P1-P0-7)
  * ADR status (P0-G7)
  * latency budget (root §5)
  * Post Run actions/setup-node@v4
  * Post Run actions/checkout@v4
Refreshing run status every 3 seconds. Press Ctrl+C to quit.

* main ci · 29118854688
Triggered via push about 5 minutes ago

JOBS
✓ setup in 3s (ID 86448901535)
  ✓ Set up job
  ✓ Run if [ "push" = "push" ]; then
  ✓ Complete job
* build-test (ubuntu-latest) (ID 86448920068)
  ✓ Set up job
  ✓ Run actions/checkout@v4
  ✓ Run dtolnay/rust-toolchain@stable
  ✓ Run actions/setup-node@v4
  ✓ enable pnpm
  ✓ linux deps
  ✓ fmt
  ✓ clippy
  * test
  * install
  * typecheck + lint
  * macOS build/run harness contract
  * network audit (non-negotiable
  * privacy posture (P1-P0-7)
  * ADR status (P0-G7)
  * latency budget (root §5)
  * Post Run actions/setup-node@v4
  * Post Run actions/checkout@v4
Refreshing run status every 3 seconds. Press Ctrl+C to quit.

* main ci · 29118854688
Triggered via push about 5 minutes ago

JOBS
✓ setup in 3s (ID 86448901535)
  ✓ Set up job
  ✓ Run if [ "push" = "push" ]; then
  ✓ Complete job
* build-test (ubuntu-latest) (ID 86448920068)
  ✓ Set up job
  ✓ Run actions/checkout@v4
  ✓ Run dtolnay/rust-toolchain@stable
  ✓ Run actions/setup-node@v4
  ✓ enable pnpm
  ✓ linux deps
  ✓ fmt
  ✓ clippy
  * test
  * install
  * typecheck + lint
  * macOS build/run harness contract
  * network audit (non-negotiable
  * privacy posture (P1-P0-7)
  * ADR status (P0-G7)
  * latency budget (root §5)
  * Post Run actions/setup-node@v4
  * Post Run actions/checkout@v4
Refreshing run status every 3 seconds. Press Ctrl+C to quit.

* main ci · 29118854688
Triggered via push about 5 minutes ago

JOBS
✓ setup in 3s (ID 86448901535)
  ✓ Set up job
  ✓ Run if [ "push" = "push" ]; then
  ✓ Complete job
* build-test (ubuntu-latest) (ID 86448920068)
  ✓ Set up job
  ✓ Run actions/checkout@v4
  ✓ Run dtolnay/rust-toolchain@stable
  ✓ Run actions/setup-node@v4
  ✓ enable pnpm
  ✓ linux deps
  ✓ fmt
  ✓ clippy
  * test
  * install
  * typecheck + lint
  * macOS build/run harness contract
  * network audit (non-negotiable
  * privacy posture (P1-P0-7)
  * ADR status (P0-G7)
  * latency budget (root §5)
  * Post Run actions/setup-node@v4
  * Post Run actions/checkout@v4
Refreshing run status every 3 seconds. Press Ctrl+C to quit.

* main ci · 29118854688
Triggered via push about 5 minutes ago

JOBS
✓ setup in 3s (ID 86448901535)
  ✓ Set up job
  ✓ Run if [ "push" = "push" ]; then
  ✓ Complete job
* build-test (ubuntu-latest) (ID 86448920068)
  ✓ Set up job
  ✓ Run actions/checkout@v4
  ✓ Run dtolnay/rust-toolchain@stable
  ✓ Run actions/setup-node@v4
  ✓ enable pnpm
  ✓ linux deps
  ✓ fmt
  ✓ clippy
  * test
  * install
  * typecheck + lint
  * macOS build/run harness contract
  * network audit (non-negotiable
  * privacy posture (P1-P0-7)
  * ADR status (P0-G7)
  * latency budget (root §5)
  * Post Run actions/setup-node@v4
  * Post Run actions/checkout@v4
Refreshing run status every 3 seconds. Press Ctrl+C to quit.

* main ci · 29118854688
Triggered via push about 5 minutes ago

JOBS
✓ setup in 3s (ID 86448901535)
  ✓ Set up job
  ✓ Run if [ "push" = "push" ]; then
  ✓ Complete job
* build-test (ubuntu-latest) (ID 86448920068)
  ✓ Set up job
  ✓ Run actions/checkout@v4
  ✓ Run dtolnay/rust-toolchain@stable
  ✓ Run actions/setup-node@v4
  ✓ enable pnpm
  ✓ linux deps
  ✓ fmt
  ✓ clippy
  * test
  * install
  * typecheck + lint
  * macOS build/run harness contract
  * network audit (non-negotiable
  * privacy posture (P1-P0-7)
  * ADR status (P0-G7)
  * latency budget (root §5)
  * Post Run actions/setup-node@v4
  * Post Run actions/checkout@v4
Refreshing run status every 3 seconds. Press Ctrl+C to quit.

* main ci · 29118854688
Triggered via push about 6 minutes ago

JOBS
✓ setup in 3s (ID 86448901535)
  ✓ Set up job
  ✓ Run if [ "push" = "push" ]; then
  ✓ Complete job
* build-test (ubuntu-latest) (ID 86448920068)
  ✓ Set up job
  ✓ Run actions/checkout@v4
  ✓ Run dtolnay/rust-toolchain@stable
  ✓ Run actions/setup-node@v4
  ✓ enable pnpm
  ✓ linux deps
  ✓ fmt
  ✓ clippy
  * test
  * install
  * typecheck + lint
  * macOS build/run harness contract
  * network audit (non-negotiable
  * privacy posture (P1-P0-7)
  * ADR status (P0-G7)
  * latency budget (root §5)
  * Post Run actions/setup-node@v4
  * Post Run actions/checkout@v4
Refreshing run status every 3 seconds. Press Ctrl+C to quit.

* main ci · 29118854688
Triggered via push about 6 minutes ago

JOBS
✓ setup in 3s (ID 86448901535)
  ✓ Set up job
  ✓ Run if [ "push" = "push" ]; then
  ✓ Complete job
* build-test (ubuntu-latest) (ID 86448920068)
  ✓ Set up job
  ✓ Run actions/checkout@v4
  ✓ Run dtolnay/rust-toolchain@stable
  ✓ Run actions/setup-node@v4
  ✓ enable pnpm
  ✓ linux deps
  ✓ fmt
  ✓ clippy
  * test
  * install
  * typecheck + lint
  * macOS build/run harness contract
  * network audit (non-negotiable
  * privacy posture (P1-P0-7)
  * ADR status (P0-G7)
  * latency budget (root §5)
  * Post Run actions/setup-node@v4
  * Post Run actions/checkout@v4
Refreshing run status every 3 seconds. Press Ctrl+C to quit.

* main ci · 29118854688
Triggered via push about 6 minutes ago

JOBS
✓ setup in 3s (ID 86448901535)
  ✓ Set up job
  ✓ Run if [ "push" = "push" ]; then
  ✓ Complete job
* build-test (ubuntu-latest) (ID 86448920068)
  ✓ Set up job
  ✓ Run actions/checkout@v4
  ✓ Run dtolnay/rust-toolchain@stable
  ✓ Run actions/setup-node@v4
  ✓ enable pnpm
  ✓ linux deps
  ✓ fmt
  ✓ clippy
  * test
  * install
  * typecheck + lint
  * macOS build/run harness contract
  * network audit (non-negotiable
  * privacy posture (P1-P0-7)
  * ADR status (P0-G7)
  * latency budget (root §5)
  * Post Run actions/setup-node@v4
  * Post Run actions/checkout@v4
Refreshing run status every 3 seconds. Press Ctrl+C to quit.

* main ci · 29118854688
Triggered via push about 6 minutes ago

JOBS
✓ setup in 3s (ID 86448901535)
  ✓ Set up job
  ✓ Run if [ "push" = "push" ]; then
  ✓ Complete job
* build-test (ubuntu-latest) (ID 86448920068)
  ✓ Set up job
  ✓ Run actions/checkout@v4
  ✓ Run dtolnay/rust-toolchain@stable
  ✓ Run actions/setup-node@v4
  ✓ enable pnpm
  ✓ linux deps
  ✓ fmt
  ✓ clippy
  * test
  * install
  * typecheck + lint
  * macOS build/run harness contract
  * network audit (non-negotiable
  * privacy posture (P1-P0-7)
  * ADR status (P0-G7)
  * latency budget (root §5)
  * Post Run actions/setup-node@v4
  * Post Run actions/checkout@v4
Refreshing run status every 3 seconds. Press Ctrl+C to quit.

* main ci · 29118854688
Triggered via push about 6 minutes ago

JOBS
✓ setup in 3s (ID 86448901535)
  ✓ Set up job
  ✓ Run if [ "push" = "push" ]; then
  ✓ Complete job
* build-test (ubuntu-latest) (ID 86448920068)
  ✓ Set up job
  ✓ Run actions/checkout@v4
  ✓ Run dtolnay/rust-toolchain@stable
  ✓ Run actions/setup-node@v4
  ✓ enable pnpm
  ✓ linux deps
  ✓ fmt
  ✓ clippy
  * test
  * install
  * typecheck + lint
  * macOS build/run harness contract
  * network audit (non-negotiable
  * privacy posture (P1-P0-7)
  * ADR status (P0-G7)
  * latency budget (root §5)
  * Post Run actions/setup-node@v4
  * Post Run actions/checkout@v4
Refreshing run status every 3 seconds. Press Ctrl+C to quit.

* main ci · 29118854688
Triggered via push about 6 minutes ago

JOBS
✓ setup in 3s (ID 86448901535)
  ✓ Set up job
  ✓ Run if [ "push" = "push" ]; then
  ✓ Complete job
* build-test (ubuntu-latest) (ID 86448920068)
  ✓ Set up job
  ✓ Run actions/checkout@v4
  ✓ Run dtolnay/rust-toolchain@stable
  ✓ Run actions/setup-node@v4
  ✓ enable pnpm
  ✓ linux deps
  ✓ fmt
  ✓ clippy
  * test
  * install
  * typecheck + lint
  * macOS build/run harness contract
  * network audit (non-negotiable
  * privacy posture (P1-P0-7)
  * ADR status (P0-G7)
  * latency budget (root §5)
  * Post Run actions/setup-node@v4
  * Post Run actions/checkout@v4
Refreshing run status every 3 seconds. Press Ctrl+C to quit.

* main ci · 29118854688
Triggered via push about 6 minutes ago

JOBS
✓ setup in 3s (ID 86448901535)
  ✓ Set up job
  ✓ Run if [ "push" = "push" ]; then
  ✓ Complete job
* build-test (ubuntu-latest) (ID 86448920068)
  ✓ Set up job
  ✓ Run actions/checkout@v4
  ✓ Run dtolnay/rust-toolchain@stable
  ✓ Run actions/setup-node@v4
  ✓ enable pnpm
  ✓ linux deps
  ✓ fmt
  ✓ clippy
  * test
  * install
  * typecheck + lint
  * macOS build/run harness contract
  * network audit (non-negotiable
  * privacy posture (P1-P0-7)
  * ADR status (P0-G7)
  * latency budget (root §5)
  * Post Run actions/setup-node@v4
  * Post Run actions/checkout@v4
Refreshing run status every 3 seconds. Press Ctrl+C to quit.

* main ci · 29118854688
Triggered via push about 6 minutes ago

JOBS
✓ setup in 3s (ID 86448901535)
  ✓ Set up job
  ✓ Run if [ "push" = "push" ]; then
  ✓ Complete job
* build-test (ubuntu-latest) (ID 86448920068)
  ✓ Set up job
  ✓ Run actions/checkout@v4
  ✓ Run dtolnay/rust-toolchain@stable
  ✓ Run actions/setup-node@v4
  ✓ enable pnpm
  ✓ linux deps
  ✓ fmt
  ✓ clippy
  * test
  * install
  * typecheck + lint
  * macOS build/run harness contract
  * network audit (non-negotiable
  * privacy posture (P1-P0-7)
  * ADR status (P0-G7)
  * latency budget (root §5)
  * Post Run actions/setup-node@v4
  * Post Run actions/checkout@v4
Refreshing run status every 3 seconds. Press Ctrl+C to quit.

* main ci · 29118854688
Triggered via push about 6 minutes ago

JOBS
✓ setup in 3s (ID 86448901535)
  ✓ Set up job
  ✓ Run if [ "push" = "push" ]; then
  ✓ Complete job
* build-test (ubuntu-latest) (ID 86448920068)
  ✓ Set up job
  ✓ Run actions/checkout@v4
  ✓ Run dtolnay/rust-toolchain@stable
  ✓ Run actions/setup-node@v4
  ✓ enable pnpm
  ✓ linux deps
  ✓ fmt
  ✓ clippy
  * test
  * install
  * typecheck + lint
  * macOS build/run harness contract
  * network audit (non-negotiable
  * privacy posture (P1-P0-7)
  * ADR status (P0-G7)
  * latency budget (root §5)
  * Post Run actions/setup-node@v4
  * Post Run actions/checkout@v4
Refreshing run status every 3 seconds. Press Ctrl+C to quit.

* main ci · 29118854688
Triggered via push about 6 minutes ago

JOBS
✓ setup in 3s (ID 86448901535)
  ✓ Set up job
  ✓ Run if [ "push" = "push" ]; then
  ✓ Complete job
* build-test (ubuntu-latest) (ID 86448920068)
  ✓ Set up job
  ✓ Run actions/checkout@v4
  ✓ Run dtolnay/rust-toolchain@stable
  ✓ Run actions/setup-node@v4
  ✓ enable pnpm
  ✓ linux deps
  ✓ fmt
  ✓ clippy
  * test
  * install
  * typecheck + lint
  * macOS build/run harness contract
  * network audit (non-negotiable
  * privacy posture (P1-P0-7)
  * ADR status (P0-G7)
  * latency budget (root §5)
  * Post Run actions/setup-node@v4
  * Post Run actions/checkout@v4
Refreshing run status every 3 seconds. Press Ctrl+C to quit.

* main ci · 29118854688
Triggered via push about 6 minutes ago

JOBS
✓ setup in 3s (ID 86448901535)
  ✓ Set up job
  ✓ Run if [ "push" = "push" ]; then
  ✓ Complete job
* build-test (ubuntu-latest) (ID 86448920068)
  ✓ Set up job
  ✓ Run actions/checkout@v4
  ✓ Run dtolnay/rust-toolchain@stable
  ✓ Run actions/setup-node@v4
  ✓ enable pnpm
  ✓ linux deps
  ✓ fmt
  ✓ clippy
  * test
  * install
  * typecheck + lint
  * macOS build/run harness contract
  * network audit (non-negotiable
  * privacy posture (P1-P0-7)
  * ADR status (P0-G7)
  * latency budget (root §5)
  * Post Run actions/setup-node@v4
  * Post Run actions/checkout@v4
Refreshing run status every 3 seconds. Press Ctrl+C to quit.

* main ci · 29118854688
Triggered via push about 6 minutes ago

JOBS
✓ setup in 3s (ID 86448901535)
  ✓ Set up job
  ✓ Run if [ "push" = "push" ]; then
  ✓ Complete job
* build-test (ubuntu-latest) (ID 86448920068)
  ✓ Set up job
  ✓ Run actions/checkout@v4
  ✓ Run dtolnay/rust-toolchain@stable
  ✓ Run actions/setup-node@v4
  ✓ enable pnpm
  ✓ linux deps
  ✓ fmt
  ✓ clippy
  * test
  * install
  * typecheck + lint
  * macOS build/run harness contract
  * network audit (non-negotiable
  * privacy posture (P1-P0-7)
  * ADR status (P0-G7)
  * latency budget (root §5)
  * Post Run actions/setup-node@v4
  * Post Run actions/checkout@v4
Refreshing run status every 3 seconds. Press Ctrl+C to quit.

* main ci · 29118854688
Triggered via push about 6 minutes ago

JOBS
✓ setup in 3s (ID 86448901535)
  ✓ Set up job
  ✓ Run if [ "push" = "push" ]; then
  ✓ Complete job
* build-test (ubuntu-latest) (ID 86448920068)
  ✓ Set up job
  ✓ Run actions/checkout@v4
  ✓ Run dtolnay/rust-toolchain@stable
  ✓ Run actions/setup-node@v4
  ✓ enable pnpm
  ✓ linux deps
  ✓ fmt
  ✓ clippy
  * test
  * install
  * typecheck + lint
  * macOS build/run harness contract
  * network audit (non-negotiable
  * privacy posture (P1-P0-7)
  * ADR status (P0-G7)
  * latency budget (root §5)
  * Post Run actions/setup-node@v4
  * Post Run actions/checkout@v4
Refreshing run status every 3 seconds. Press Ctrl+C to quit.

* main ci · 29118854688
Triggered via push about 6 minutes ago

JOBS
✓ setup in 3s (ID 86448901535)
  ✓ Set up job
  ✓ Run if [ "push" = "push" ]; then
  ✓ Complete job
* build-test (ubuntu-latest) (ID 86448920068)
  ✓ Set up job
  ✓ Run actions/checkout@v4
  ✓ Run dtolnay/rust-toolchain@stable
  ✓ Run actions/setup-node@v4
  ✓ enable pnpm
  ✓ linux deps
  ✓ fmt
  ✓ clippy
  * test
  * install
  * typecheck + lint
  * macOS build/run harness contract
  * network audit (non-negotiable
  * privacy posture (P1-P0-7)
  * ADR status (P0-G7)
  * latency budget (root §5)
  * Post Run actions/setup-node@v4
  * Post Run actions/checkout@v4
Refreshing run status every 3 seconds. Press Ctrl+C to quit.

* main ci · 29118854688
Triggered via push about 6 minutes ago

JOBS
✓ setup in 3s (ID 86448901535)
  ✓ Set up job
  ✓ Run if [ "push" = "push" ]; then
  ✓ Complete job
* build-test (ubuntu-latest) (ID 86448920068)
  ✓ Set up job
  ✓ Run actions/checkout@v4
  ✓ Run dtolnay/rust-toolchain@stable
  ✓ Run actions/setup-node@v4
  ✓ enable pnpm
  ✓ linux deps
  ✓ fmt
  ✓ clippy
  * test
  * install
  * typecheck + lint
  * macOS build/run harness contract
  * network audit (non-negotiable
  * privacy posture (P1-P0-7)
  * ADR status (P0-G7)
  * latency budget (root §5)
  * Post Run actions/setup-node@v4
  * Post Run actions/checkout@v4
Refreshing run status every 3 seconds. Press Ctrl+C to quit.

* main ci · 29118854688
Triggered via push about 6 minutes ago

JOBS
✓ setup in 3s (ID 86448901535)
  ✓ Set up job
  ✓ Run if [ "push" = "push" ]; then
  ✓ Complete job
* build-test (ubuntu-latest) (ID 86448920068)
  ✓ Set up job
  ✓ Run actions/checkout@v4
  ✓ Run dtolnay/rust-toolchain@stable
  ✓ Run actions/setup-node@v4
  ✓ enable pnpm
  ✓ linux deps
  ✓ fmt
  ✓ clippy
  * test
  * install
  * typecheck + lint
  * macOS build/run harness contract
  * network audit (non-negotiable
  * privacy posture (P1-P0-7)
  * ADR status (P0-G7)
  * latency budget (root §5)
  * Post Run actions/setup-node@v4
  * Post Run actions/checkout@v4
Refreshing run status every 3 seconds. Press Ctrl+C to quit.

* main ci · 29118854688
Triggered via push about 7 minutes ago

JOBS
✓ setup in 3s (ID 86448901535)
  ✓ Set up job
  ✓ Run if [ "push" = "push" ]; then
  ✓ Complete job
* build-test (ubuntu-latest) (ID 86448920068)
  ✓ Set up job
  ✓ Run actions/checkout@v4
  ✓ Run dtolnay/rust-toolchain@stable
  ✓ Run actions/setup-node@v4
  ✓ enable pnpm
  ✓ linux deps
  ✓ fmt
  ✓ clippy
  * test
  * install
  * typecheck + lint
  * macOS build/run harness contract
  * network audit (non-negotiable
  * privacy posture (P1-P0-7)
  * ADR status (P0-G7)
  * latency budget (root §5)
  * Post Run actions/setup-node@v4
  * Post Run actions/checkout@v4
Refreshing run status every 3 seconds. Press Ctrl+C to quit.

* main ci · 29118854688
Triggered via push about 7 minutes ago

JOBS
✓ setup in 3s (ID 86448901535)
  ✓ Set up job
  ✓ Run if [ "push" = "push" ]; then
  ✓ Complete job
* build-test (ubuntu-latest) (ID 86448920068)
  ✓ Set up job
  ✓ Run actions/checkout@v4
  ✓ Run dtolnay/rust-toolchain@stable
  ✓ Run actions/setup-node@v4
  ✓ enable pnpm
  ✓ linux deps
  ✓ fmt
  ✓ clippy
  * test
  * install
  * typecheck + lint
  * macOS build/run harness contract
  * network audit (non-negotiable
  * privacy posture (P1-P0-7)
  * ADR status (P0-G7)
  * latency budget (root §5)
  * Post Run actions/setup-node@v4
  * Post Run actions/checkout@v4
Refreshing run status every 3 seconds. Press Ctrl+C to quit.

* main ci · 29118854688
Triggered via push about 7 minutes ago

JOBS
✓ setup in 3s (ID 86448901535)
  ✓ Set up job
  ✓ Run if [ "push" = "push" ]; then
  ✓ Complete job
* build-test (ubuntu-latest) (ID 86448920068)
  ✓ Set up job
  ✓ Run actions/checkout@v4
  ✓ Run dtolnay/rust-toolchain@stable
  ✓ Run actions/setup-node@v4
  ✓ enable pnpm
  ✓ linux deps
  ✓ fmt
  ✓ clippy
  * test
  * install
  * typecheck + lint
  * macOS build/run harness contract
  * network audit (non-negotiable
  * privacy posture (P1-P0-7)
  * ADR status (P0-G7)
  * latency budget (root §5)
  * Post Run actions/setup-node@v4
  * Post Run actions/checkout@v4
Refreshing run status every 3 seconds. Press Ctrl+C to quit.

* main ci · 29118854688
Triggered via push about 7 minutes ago

JOBS
✓ setup in 3s (ID 86448901535)
  ✓ Set up job
  ✓ Run if [ "push" = "push" ]; then
  ✓ Complete job
* build-test (ubuntu-latest) (ID 86448920068)
  ✓ Set up job
  ✓ Run actions/checkout@v4
  ✓ Run dtolnay/rust-toolchain@stable
  ✓ Run actions/setup-node@v4
  ✓ enable pnpm
  ✓ linux deps
  ✓ fmt
  ✓ clippy
  * test
  * install
  * typecheck + lint
  * macOS build/run harness contract
  * network audit (non-negotiable
  * privacy posture (P1-P0-7)
  * ADR status (P0-G7)
  * latency budget (root §5)
  * Post Run actions/setup-node@v4
  * Post Run actions/checkout@v4
Refreshing run status every 3 seconds. Press Ctrl+C to quit.

* main ci · 29118854688
Triggered via push about 7 minutes ago

JOBS
✓ setup in 3s (ID 86448901535)
  ✓ Set up job
  ✓ Run if [ "push" = "push" ]; then
  ✓ Complete job
* build-test (ubuntu-latest) (ID 86448920068)
  ✓ Set up job
  ✓ Run actions/checkout@v4
  ✓ Run dtolnay/rust-toolchain@stable
  ✓ Run actions/setup-node@v4
  ✓ enable pnpm
  ✓ linux deps
  ✓ fmt
  ✓ clippy
  * test
  * install
  * typecheck + lint
  * macOS build/run harness contract
  * network audit (non-negotiable
  * privacy posture (P1-P0-7)
  * ADR status (P0-G7)
  * latency budget (root §5)
  * Post Run actions/setup-node@v4
  * Post Run actions/checkout@v4
Refreshing run status every 3 seconds. Press Ctrl+C to quit.

* main ci · 29118854688
Triggered via push about 7 minutes ago

JOBS
✓ setup in 3s (ID 86448901535)
  ✓ Set up job
  ✓ Run if [ "push" = "push" ]; then
  ✓ Complete job
* build-test (ubuntu-latest) (ID 86448920068)
  ✓ Set up job
  ✓ Run actions/checkout@v4
  ✓ Run dtolnay/rust-toolchain@stable
  ✓ Run actions/setup-node@v4
  ✓ enable pnpm
  ✓ linux deps
  ✓ fmt
  ✓ clippy
  * test
  * install
  * typecheck + lint
  * macOS build/run harness contract
  * network audit (non-negotiable
  * privacy posture (P1-P0-7)
  * ADR status (P0-G7)
  * latency budget (root §5)
  * Post Run actions/setup-node@v4
  * Post Run actions/checkout@v4
Refreshing run status every 3 seconds. Press Ctrl+C to quit.

* main ci · 29118854688
Triggered via push about 7 minutes ago

JOBS
✓ setup in 3s (ID 86448901535)
  ✓ Set up job
  ✓ Run if [ "push" = "push" ]; then
  ✓ Complete job
* build-test (ubuntu-latest) (ID 86448920068)
  ✓ Set up job
  ✓ Run actions/checkout@v4
  ✓ Run dtolnay/rust-toolchain@stable
  ✓ Run actions/setup-node@v4
  ✓ enable pnpm
  ✓ linux deps
  ✓ fmt
  ✓ clippy
  * test
  * install
  * typecheck + lint
  * macOS build/run harness contract
  * network audit (non-negotiable
  * privacy posture (P1-P0-7)
  * ADR status (P0-G7)
  * latency budget (root §5)
  * Post Run actions/setup-node@v4
  * Post Run actions/checkout@v4
Refreshing run status every 3 seconds. Press Ctrl+C to quit.

* main ci · 29118854688
Triggered via push about 7 minutes ago

JOBS
✓ setup in 3s (ID 86448901535)
  ✓ Set up job
  ✓ Run if [ "push" = "push" ]; then
  ✓ Complete job
* build-test (ubuntu-latest) (ID 86448920068)
  ✓ Set up job
  ✓ Run actions/checkout@v4
  ✓ Run dtolnay/rust-toolchain@stable
  ✓ Run actions/setup-node@v4
  ✓ enable pnpm
  ✓ linux deps
  ✓ fmt
  ✓ clippy
  * test
  * install
  * typecheck + lint
  * macOS build/run harness contract
  * network audit (non-negotiable
  * privacy posture (P1-P0-7)
  * ADR status (P0-G7)
  * latency budget (root §5)
  * Post Run actions/setup-node@v4
  * Post Run actions/checkout@v4
Refreshing run status every 3 seconds. Press Ctrl+C to quit.

* main ci · 29118854688
Triggered via push about 7 minutes ago

JOBS
✓ setup in 3s (ID 86448901535)
  ✓ Set up job
  ✓ Run if [ "push" = "push" ]; then
  ✓ Complete job
* build-test (ubuntu-latest) (ID 86448920068)
  ✓ Set up job
  ✓ Run actions/checkout@v4
  ✓ Run dtolnay/rust-toolchain@stable
  ✓ Run actions/setup-node@v4
  ✓ enable pnpm
  ✓ linux deps
  ✓ fmt
  ✓ clippy
  * test
  * install
  * typecheck + lint
  * macOS build/run harness contract
  * network audit (non-negotiable
  * privacy posture (P1-P0-7)
  * ADR status (P0-G7)
  * latency budget (root §5)
  * Post Run actions/setup-node@v4
  * Post Run actions/checkout@v4
Refreshing run status every 3 seconds. Press Ctrl+C to quit.

* main ci · 29118854688
Triggered via push about 7 minutes ago

JOBS
✓ setup in 3s (ID 86448901535)
  ✓ Set up job
  ✓ Run if [ "push" = "push" ]; then
  ✓ Complete job
* build-test (ubuntu-latest) (ID 86448920068)
  ✓ Set up job
  ✓ Run actions/checkout@v4
  ✓ Run dtolnay/rust-toolchain@stable
  ✓ Run actions/setup-node@v4
  ✓ enable pnpm
  ✓ linux deps
  ✓ fmt
  ✓ clippy
  * test
  * install
  * typecheck + lint
  * macOS build/run harness contract
  * network audit (non-negotiable
  * privacy posture (P1-P0-7)
  * ADR status (P0-G7)
  * latency budget (root §5)
  * Post Run actions/setup-node@v4
  * Post Run actions/checkout@v4
Refreshing run status every 3 seconds. Press Ctrl+C to quit.

* main ci · 29118854688
Triggered via push about 7 minutes ago

JOBS
✓ setup in 3s (ID 86448901535)
  ✓ Set up job
  ✓ Run if [ "push" = "push" ]; then
  ✓ Complete job
* build-test (ubuntu-latest) (ID 86448920068)
  ✓ Set up job
  ✓ Run actions/checkout@v4
  ✓ Run dtolnay/rust-toolchain@stable
  ✓ Run actions/setup-node@v4
  ✓ enable pnpm
  ✓ linux deps
  ✓ fmt
  ✓ clippy
  ✓ test
  * install
  * typecheck + lint
  * macOS build/run harness contract
  * network audit (non-negotiable
  * privacy posture (P1-P0-7)
  * ADR status (P0-G7)
  * latency budget (root §5)
  * Post Run actions/setup-node@v4
  * Post Run actions/checkout@v4
Refreshing run status every 3 seconds. Press Ctrl+C to quit.

* main ci · 29118854688
Triggered via push about 7 minutes ago

JOBS
✓ setup in 3s (ID 86448901535)
  ✓ Set up job
  ✓ Run if [ "push" = "push" ]; then
  ✓ Complete job
* build-test (ubuntu-latest) (ID 86448920068)
  ✓ Set up job
  ✓ Run actions/checkout@v4
  ✓ Run dtolnay/rust-toolchain@stable
  ✓ Run actions/setup-node@v4
  ✓ enable pnpm
  ✓ linux deps
  ✓ fmt
  ✓ clippy
  ✓ test
  * install
  * typecheck + lint
  * macOS build/run harness contract
  * network audit (non-negotiable
  * privacy posture (P1-P0-7)
  * ADR status (P0-G7)
  * latency budget (root §5)
  * Post Run actions/setup-node@v4
  * Post Run actions/checkout@v4
Refreshing run status every 3 seconds. Press Ctrl+C to quit.

* main ci · 29118854688
Triggered via push about 7 minutes ago

JOBS
✓ setup in 3s (ID 86448901535)
  ✓ Set up job
  ✓ Run if [ "push" = "push" ]; then
  ✓ Complete job
* build-test (ubuntu-latest) (ID 86448920068)
  ✓ Set up job
  ✓ Run actions/checkout@v4
  ✓ Run dtolnay/rust-toolchain@stable
  ✓ Run actions/setup-node@v4
  ✓ enable pnpm
  ✓ linux deps
  ✓ fmt
  ✓ clippy
  ✓ test
  ✓ install
  * typecheck + lint
  * macOS build/run harness contract
  * network audit (non-negotiable
  * privacy posture (P1-P0-7)
  * ADR status (P0-G7)
  * latency budget (root §5)
  * Post Run actions/setup-node@v4
  * Post Run actions/checkout@v4
Refreshing run status every 3 seconds. Press Ctrl+C to quit.

* main ci · 29118854688
Triggered via push about 7 minutes ago

JOBS
✓ setup in 3s (ID 86448901535)
  ✓ Set up job
  ✓ Run if [ "push" = "push" ]; then
  ✓ Complete job
* build-test (ubuntu-latest) (ID 86448920068)
  ✓ Set up job
  ✓ Run actions/checkout@v4
  ✓ Run dtolnay/rust-toolchain@stable
  ✓ Run actions/setup-node@v4
  ✓ enable pnpm
  ✓ linux deps
  ✓ fmt
  ✓ clippy
  ✓ test
  ✓ install
  ✓ typecheck + lint
  - macOS build/run harness contract
  ✓ network audit (non-negotiable
  ✓ privacy posture (P1-P0-7)
  ✓ ADR status (P0-G7)
  * latency budget (root §5)
  * Post Run actions/setup-node@v4
  * Post Run actions/checkout@v4
Refreshing run status every 3 seconds. Press Ctrl+C to quit.

* main ci · 29118854688
Triggered via push about 7 minutes ago

JOBS
✓ setup in 3s (ID 86448901535)
  ✓ Set up job
  ✓ Run if [ "push" = "push" ]; then
  ✓ Complete job
* build-test (ubuntu-latest) (ID 86448920068)
  ✓ Set up job
  ✓ Run actions/checkout@v4
  ✓ Run dtolnay/rust-toolchain@stable
  ✓ Run actions/setup-node@v4
  ✓ enable pnpm
  ✓ linux deps
  ✓ fmt
  ✓ clippy
  ✓ test
  ✓ install
  ✓ typecheck + lint
  - macOS build/run harness contract
  ✓ network audit (non-negotiable
  ✓ privacy posture (P1-P0-7)
  ✓ ADR status (P0-G7)
  * latency budget (root §5)
  * Post Run actions/setup-node@v4
  * Post Run actions/checkout@v4
Refreshing run status every 3 seconds. Press Ctrl+C to quit.

* main ci · 29118854688
Triggered via push about 7 minutes ago

JOBS
✓ setup in 3s (ID 86448901535)
  ✓ Set up job
  ✓ Run if [ "push" = "push" ]; then
  ✓ Complete job
* build-test (ubuntu-latest) (ID 86448920068)
  ✓ Set up job
  ✓ Run actions/checkout@v4
  ✓ Run dtolnay/rust-toolchain@stable
  ✓ Run actions/setup-node@v4
  ✓ enable pnpm
  ✓ linux deps
  ✓ fmt
  ✓ clippy
  ✓ test
  ✓ install
  ✓ typecheck + lint
  - macOS build/run harness contract
  ✓ network audit (non-negotiable
  ✓ privacy posture (P1-P0-7)
  ✓ ADR status (P0-G7)
  * latency budget (root §5)
  * Post Run actions/setup-node@v4
  * Post Run actions/checkout@v4
Refreshing run status every 3 seconds. Press Ctrl+C to quit.

* main ci · 29118854688
Triggered via push about 8 minutes ago

JOBS
✓ setup in 3s (ID 86448901535)
  ✓ Set up job
  ✓ Run if [ "push" = "push" ]; then
  ✓ Complete job
* build-test (ubuntu-latest) (ID 86448920068)
  ✓ Set up job
  ✓ Run actions/checkout@v4
  ✓ Run dtolnay/rust-toolchain@stable
  ✓ Run actions/setup-node@v4
  ✓ enable pnpm
  ✓ linux deps
  ✓ fmt
  ✓ clippy
  ✓ test
  ✓ install
  ✓ typecheck + lint
  - macOS build/run harness contract
  ✓ network audit (non-negotiable
  ✓ privacy posture (P1-P0-7)
  ✓ ADR status (P0-G7)
  * latency budget (root §5)
  * Post Run actions/setup-node@v4
  * Post Run actions/checkout@v4
Refreshing run status every 3 seconds. Press Ctrl+C to quit.

* main ci · 29118854688
Triggered via push about 8 minutes ago

JOBS
✓ setup in 3s (ID 86448901535)
  ✓ Set up job
  ✓ Run if [ "push" = "push" ]; then
  ✓ Complete job
* build-test (ubuntu-latest) (ID 86448920068)
  ✓ Set up job
  ✓ Run actions/checkout@v4
  ✓ Run dtolnay/rust-toolchain@stable
  ✓ Run actions/setup-node@v4
  ✓ enable pnpm
  ✓ linux deps
  ✓ fmt
  ✓ clippy
  ✓ test
  ✓ install
  ✓ typecheck + lint
  - macOS build/run harness contract
  ✓ network audit (non-negotiable
  ✓ privacy posture (P1-P0-7)
  ✓ ADR status (P0-G7)
  * latency budget (root §5)
  * Post Run actions/setup-node@v4
  * Post Run actions/checkout@v4
Refreshing run status every 3 seconds. Press Ctrl+C to quit.

* main ci · 29118854688
Triggered via push about 8 minutes ago

JOBS
✓ setup in 3s (ID 86448901535)
  ✓ Set up job
  ✓ Run if [ "push" = "push" ]; then
  ✓ Complete job
* build-test (ubuntu-latest) (ID 86448920068)
  ✓ Set up job
  ✓ Run actions/checkout@v4
  ✓ Run dtolnay/rust-toolchain@stable
  ✓ Run actions/setup-node@v4
  ✓ enable pnpm
  ✓ linux deps
  ✓ fmt
  ✓ clippy
  ✓ test
  ✓ install
  ✓ typecheck + lint
  - macOS build/run harness contract
  ✓ network audit (non-negotiable
  ✓ privacy posture (P1-P0-7)
  ✓ ADR status (P0-G7)
  * latency budget (root §5)
  * Post Run actions/setup-node@v4
  * Post Run actions/checkout@v4
Refreshing run status every 3 seconds. Press Ctrl+C to quit.

* main ci · 29118854688
Triggered via push about 8 minutes ago

JOBS
✓ setup in 3s (ID 86448901535)
  ✓ Set up job
  ✓ Run if [ "push" = "push" ]; then
  ✓ Complete job
* build-test (ubuntu-latest) (ID 86448920068)
  ✓ Set up job
  ✓ Run actions/checkout@v4
  ✓ Run dtolnay/rust-toolchain@stable
  ✓ Run actions/setup-node@v4
  ✓ enable pnpm
  ✓ linux deps
  ✓ fmt
  ✓ clippy
  ✓ test
  ✓ install
  ✓ typecheck + lint
  - macOS build/run harness contract
  ✓ network audit (non-negotiable
  ✓ privacy posture (P1-P0-7)
  ✓ ADR status (P0-G7)
  * latency budget (root §5)
  * Post Run actions/setup-node@v4
  * Post Run actions/checkout@v4
Refreshing run status every 3 seconds. Press Ctrl+C to quit.

* main ci · 29118854688
Triggered via push about 8 minutes ago

JOBS
✓ setup in 3s (ID 86448901535)
  ✓ Set up job
  ✓ Run if [ "push" = "push" ]; then
  ✓ Complete job
* build-test (ubuntu-latest) (ID 86448920068)
  ✓ Set up job
  ✓ Run actions/checkout@v4
  ✓ Run dtolnay/rust-toolchain@stable
  ✓ Run actions/setup-node@v4
  ✓ enable pnpm
  ✓ linux deps
  ✓ fmt
  ✓ clippy
  ✓ test
  ✓ install
  ✓ typecheck + lint
  - macOS build/run harness contract
  ✓ network audit (non-negotiable
  ✓ privacy posture (P1-P0-7)
  ✓ ADR status (P0-G7)
  * latency budget (root §5)
  * Post Run actions/setup-node@v4
  * Post Run actions/checkout@v4
✓ main ci · 29118854688
Triggered via push about 8 minutes ago

JOBS
✓ setup in 3s (ID 86448901535)
  ✓ Set up job
  ✓ Run if [ "push" = "push" ]; then
  ✓ Complete job
✓ build-test (ubuntu-latest) in 8m11s (ID 86448920068)
  ✓ Set up job
  ✓ Run actions/checkout@v4
  ✓ Run dtolnay/rust-toolchain@stable
  ✓ Run actions/setup-node@v4
  ✓ enable pnpm
  ✓ linux deps
  ✓ fmt
  ✓ clippy
  ✓ test
  ✓ install
  ✓ typecheck + lint
  - macOS build/run harness contract
  ✓ network audit (non-negotiable
  ✓ privacy posture (P1-P0-7)
  ✓ ADR status (P0-G7)
  ✓ latency budget (root §5)
  ✓ Post Run actions/setup-node@v4
  ✓ Post Run actions/checkout@v4
  ✓ Complete job

ANNOTATIONS
! Node.js 20 is deprecated. The following actions target Node.js 20 but are being forced to run on Node.js 24: actions/checkout@v4, actions/setup-node@v4. For more information see: https://github.blog/changelog/2025-09-19-deprecation-of-node-20-on-github-actions-runners/
build-test (ubuntu-latest): .github#2

! Unexpected input(s) 'clippy', valid inputs are ['toolchain', 'targets', 'target', 'components']
build-test (ubuntu-latest): .github#1

WATCH EXIT: 0
